{"HostConfigHash":"5da68b8","CardHash":"22cbe05","Error":"Parsing card failed"}