{"HostConfigHash":"5da68b8","CardHash":"e423716","Error":"Parsing card failed"}