{"HostConfigHash":"9f2d152","CardHash":"22cbe05","Error":"Parsing card failed"}