{"HostConfigHash":"9f2d152","CardHash":"e423716","Error":"Parsing card failed"}