{"HostConfigHash":"9aebe2c","CardHash":"e423716","Error":"Parsing card failed"}