{"HostConfigHash":"6e7bf22","CardHash":"e423716","Error":"Parsing card failed"}