{"HostConfigHash":"6e7bf22","CardHash":"22cbe05","Error":"Parsing card failed"}