{"HostConfigHash":"9aebe2c","CardHash":"22cbe05","Error":"Parsing card failed"}