{"HostConfigHash":"f813d32","CardHash":"22cbe05","Error":"Parsing card failed"}