{"HostConfigHash":"f813d32","CardHash":"e423716","Error":"Parsing card failed"}