{"HostConfigHash":"68476db","CardHash":"22cbe05","Error":"Parsing card failed"}