{"HostConfigHash":"68476db","CardHash":"e423716","Error":"Parsing card failed"}