{"HostConfigHash":"1bb97f8","CardHash":"e423716","Error":"Parsing card failed"}