{"HostConfigHash":"1bb97f8","CardHash":"22cbe05","Error":"Parsing card failed"}